// Jest Snapshot v1, https://goo.gl/fbAQLP

exports[`eratosthenes throws if called negative Number 1`] = `"Must supply a Number that is greater than 1"`;

exports[`eratosthenes throws if called with NaN 1`] = `"Must supply a Number that is greater than 1"`;
